LineBreakpoint created at sourcePositionForGetter.kt:21
Run Java
Connected to the target VM
sourcePositionForGetter.kt:21
Source position of instance.myInt is 12
Source position of instance.iInt is 4
Source position of instance.aInt is 8
Disconnected from the target VM

Process finished with exit code 0

