LineBreakpoint created at sourcePositionForGetterWithDiamondInterfaces.kt:25
Run Java
Connected to the target VM
sourcePositionForGetterWithDiamondInterfaces.kt:25
Source position of instance.i2Int is 8
Source position of instance.i1Int is 4
Source position of instance.i3Int is 12
Disconnected from the target VM

Process finished with exit code 0

