LineBreakpoint created at stepIntoMultiFileFacade.kt:6
Run Java
Connected to the target VM
stepIntoMultiFileFacade.kt:6
a1.kt:7
a1.kt:-1
Disconnected from the target VM

Process finished with exit code 0
